local uci_helper = mapper("ucihelper")
local find,format,match = string.find,string.format,string.match
local popen = io.popen
local ping_cmd = "ping -q -c 1 -w 1 8.8.8.8"
local curl_cmd = "curl -qskLm5 --connect-timeout 2"
local release_version_cmd = format("%s -r0-9 https://raw.githubusercontent.com/seud0nym/tch-gui-unhide/master/VERSION.txt",curl_cmd)
local prerelease_version_cmd = format("%s https://api.github.com/repos/seud0nym/tch-gui-unhide/releases?per_page=1 | jsonfilter -e '$[0].name' -e '$[0].prerelease' | xargs",curl_cmd)
local current_version = "" -- Set by build script
local current_version_date = match(current_version,"(%d%d%d%d%.%d%d%.%d%d)@.*")
local ignored_release_version_binding = {config="tch_gui_unhide",sectionname="release",option="ignored"}
local marketing_version = "" -- Set by build script
local inc_pre = "n" -- Set by 080-Gateway

local release_version = {
  date = nil,
  stable = nil,
  lastRetrieved = nil,
}

local function checkForUpgradeProcess()
  local pgrep,procs = popen(format("ps|grep -F tch-gui-unhide-%s|grep -vF 'grep -F tch-gui-unhide'",marketing_version),"r"),""
  if pgrep then
    procs = pgrep:read("*a")
    pgrep:close()
  end
  return procs
end

local function getIgnoredReleaseVersionDate()
  return uci_helper.get_from_uci(ignored_release_version_binding)
end

local function getLatestReleaseVersion()
  local time = os.time()

  if release_version.lastRetrieved and ( time - release_version.lastRetrieved ) < 900 then
    return release_version.date,release_version.stable
  end

  local ping = popen(ping_cmd,"r")
  if ping then
    if find(ping:read("*a") or "", "1 packets transmitted, 1 packets received") then
      local curl
      if inc_pre == "n" then
        curl = popen(release_version_cmd,"r")
      else
        curl = popen(prerelease_version_cmd,"r")
      end
      if curl then
        local v,pre = match(curl:read() or "","^(%d%d%d%d%.%d%d%.%d%d) *(%a*)")
        curl:close()
        if v then
          release_version.date = v
          if pre == "true" then
            release_version.stable = "0"
          else
            release_version.stable = "1"
          end
        end
      end
    end
    ping:close()
  end

  release_version.lastRetrieved = time

  return release_version.date,release_version.stable
end

local function download(path,filename)
  os.execute(format("logger -t tch-gui-unhide -p user.debug Downloading %s",path))
  local cmd = format("%s -m5 -o /dev/null -w '%%{http_code}' %s",curl_cmd,path)
  local response_code
  local curl,errmsg = popen(cmd,"r")
  if curl then
    response_code = curl:read("*n")
    curl:close()
    if response_code == 200 then
      cmd = format("%s -o/tmp/%s -w '%%{http_code}' %s",curl_cmd,filename,path)
      curl,errmsg = popen(cmd,"r")
      if curl then
        response_code = curl:read("*n")
        curl:close()
        if response_code == 200 then
          os.execute(format("chmod +x /tmp/%s",filename))
          return true
        end
      end
    end
    return nil,tostring(response_code)
  end
  return nil,errmsg
end

local GUI_ = {
  objectType = {
    name = "rpc.gui.",
    access = "readOnly",
    minEntries = 1,
    maxEntries = 1,
    parameters = {
      IgnoreCurrentRelease = {
        access = "readWrite",
        type = "boolean"
      },
      UnhideLatestRelease = {
        access = "readOnly",
        type = "string"
      },
      UnhideLatestReleaseIsStable = {
        access = "readOnly",
        type = "boolean"
      },
      UnhideVersion = {
        access = "readOnly",
        type = "string"
      },
      UpdateAvailable = {
        access = "readOnly",
        type = "boolean"
      },
      UpdateNow = {
        access = "readWrite",
        type = "string"
      },
      UpdateRunningProcessID = {
        access = "readOnly",
        type = "string"
      },
    }
  }
}

GUI_.get = {
  IgnoreCurrentRelease = function()
    local latest_version_date = getLatestReleaseVersion()
    if latest_version_date == getIgnoredReleaseVersionDate() then
      return "1"
    else
      return "0"
    end
  end,
  UnhideLatestRelease = function()
    local latest_version_date = getLatestReleaseVersion()
    return latest_version_date or "Unknown?"
  end,
  UnhideLatestReleaseIsStable = function()
    local _,stable = getLatestReleaseVersion()
    return stable or "0"
  end,
  UnhideVersion = function()
    return current_version
  end,
  UpdateAvailable = function()
    local latest_version_date = getLatestReleaseVersion()
    if latest_version_date and latest_version_date > current_version_date and latest_version_date ~= getIgnoredReleaseVersionDate() then
      return "1"
    else
      return "0"
    end
  end,
  UpdateNow = function()
    return ""
  end,
  UpdateRunningProcessID = checkForUpgradeProcess
}

GUI_.set = {
  IgnoreCurrentRelease = function(_,_,value,_)
    if value == "1" then
      uci_helper.set_on_uci(ignored_release_version_binding,getLatestReleaseVersion())
    else
      uci_helper.set_on_uci(ignored_release_version_binding,'')
    end
    return uci_helper.commit(ignored_release_version_binding)
  end,
  UpdateNow = function(_,_,value,_)
    if value ~= marketing_version then
      return nil,"Firmware version mismatch? Upgrade for "..value.." requested, but "..marketing_version.." installed!"
    end
    local procs = checkForUpgradeProcess()
    if procs ~= "" then
      return nil,"Upgrade aborted! Already running ( Process ID = "..procs..")"
    end
    local latest_version_date = getLatestReleaseVersion()
    local okay,response_code = download(format("https://github.com/seud0nym/tch-gui-unhide/releases/download/%s/%s.tar.gz",latest_version_date,marketing_version),"tch-gui-unhide.tar.gz")
    if okay then
      okay,response_code = download("https://raw.githubusercontent.com/seud0nym/tch-gui-unhide/master/extras/src/.extras",".extras")
      if okay then
        local extras = io.open("/tmp/.extras","r")
        if extras then
          for file in extras:lines() do
            if file ~= "" then
              okay,response_code = download(format("https://raw.githubusercontent.com/seud0nym/tch-gui-unhide/master/extras/%s",file),file)
              if okay then
                os.execute(format("chmod +x /tmp/%s",file))
              else
                os.execute(format("logger -t tch-gui-unhide -p user.warn Download of %s FAILED (Response code=%s)",file,response_code))
              end
            end
          end
          extras:close()
        end
      else
        os.execute(format("logger -t tch-gui-unhide -p user.warn Download of extras list FAILED (Response code=%s)",response_code))
      end
      -- build/common/890-Utilities-Upgrade has a dependency on the following command string!
      os.execute(format("cd /tmp && tar -xzf tch-gui-unhide.tar.gz && sh ./tch-gui-unhide -y 2>&1|logger -t tch-gui-unhide -p user.info &",marketing_version))
      return true
    end
    return nil,format("Download of https://github.com/seud0nym/tch-gui-unhide/releases/latest/download/%s.tar.gz FAILED (Response code=%s)",marketing_version,response_code)
  end,
}

register(GUI_)
