local GUI_ACME_ = {
  objectType = {
    name = "rpc.gui.acme.",
    access = "readOnly",
    minEntries = 1,
    maxEntries = 1,
    parameters = {
      enabled = {
        access = "readWrite",
        type = "int"
      },
    }
  }
}

local function isEnabled()
  local cmd = io.popen("grep -c 'acme-ddns.sh' /etc/crontabs/root","r")
  if cmd then
    local state = cmd:read("*n")
    cmd:close()
    return state
  end
  return 0
end

GUI_ACME_.get = {
  enabled = function()
    return tostring(isEnabled())
  end,
}

GUI_ACME_.set = {
  enabled = function(_,_,value)
    local state = isEnabled()
    if value == "1" then
      if state == 0 then
        os.execute("/usr/bin/logger -t rpc.gui.acme -p user.info \"[$(date')] Spawning background execution of certificate issue/renewal...\"")
        os.execute("/root/.acme.sh/acme-ddns.sh -C -y &")
      end
      return true
    else
      if state ~= 0 then
        os.execute("sed -e '/acme-ddns.sh/d' -i /etc/crontabs/root && /etc/init.d/cron restart")
        os.execute("/usr/bin/logger -t rpc.gui.acme -p user.info \"[$(date)] Removed scheduled cron job to check certificate renewal...\"")
      end
      return true
    end
  end,
}

register(GUI_ACME_)
